<p class="search-box">
	<label class="screen-reader-text" for="order-search-input">Search Orders:</label>
	<input type="search" id="order-search-input" name="s" value="" />
		<input type="submit" id="search-submit" class="button" value="Search Orders"  /></p>
		