<tr id="tec_tc_order-{{order_id}}" class="iedit author-self tec-tc-completed"><td class='order column-order has-row-actions column-primary' data-colname="Order">#{{order_id}} Test Purchaser 1 (test-1@test.com)</td><td class='date column-date' data-colname="Date"><time datetime="{{order_date}}" title="{{order_date}}">{{order_date}}</time></td><td class='status column-status' data-colname="Status">		<mark class="tribe-tickets-commerce-order-status status-completed">
			<span>
				Completed			</span>
		</mark>
		</td><td class='items column-items' data-colname="Items"><div class='tribe-line-item'>1 - Test TC ticket for {{ticket_id}}</div></td><td class='total column-total' data-colname="Total">&#x24;1.00</td><td class='post_parent column-post_parent' data-colname="Event"><div><a href="">Event 1</a></div></td><td class='gateway column-gateway' data-colname="Gateway">PayPal</td><td class='gateway_order_id column-gateway_order_id' data-colname="Gateway ID"></td></tr>