
<div class="ticket-editor-notice info info--background table-stick--before series-pass-link">
	<span class="dashicons dashicons-lightbulb"></span>
	<span class="message">
		This event is part of the Series <a href='https://wordpress.test/wp-admin/post.php?post=10&amp;action=edit' target='_blank'>A Series</a>. Create and manage Series Passes in the Series this event belongs to.	</span>
</div>