
<div class="wrap">
	<h1>
		Seat Layouts	</h1>

	
	
<div class="tec-tickets__tab-content__wrapper">
	<div id="tec-tickets-seating-notice" class="notice" style="display: none;"></div>
	<div
		class="tec-tickets-seating__iframe-container"
		data-token="test-ephemeral-token"
		data-error=""
	>
		<iframe
			data-src="https://service.test.local/embed/seat-layout?token=test-ephemeral-token"
			id="tec-tickets-seating-iframe-layout-edit"
			class="tec-tickets-seating__iframe tec-tickets-seating__iframe--layout-edit"
			title="Seat Layout"></iframe>
	</div>
</div>
</div>
