
<div class="wrap">
	<h1>
		Seat Layouts	</h1>

			<h2 id="tribe-settings-tabs" class="nav-tab-wrapper">

							<a
					id="maps"
					class="nav-tab nav-tab-active"
					href="http://wordpress.test/wp-admin/admin.php?page=tec-tickets-seating&#038;tab=maps"
				>
					Controller Maps				</a>
							<a
					id="layouts"
					class="nav-tab "
					href="http://wordpress.test/wp-admin/admin.php?page=tec-tickets-seating&#038;tab=layouts"
				>
					Seat Layouts				</a>
					</h2>
	
	
<div class="tec-tickets__tab-heading__wrapper"><h2
		class="tec-tickets__tab-heading">
		Controller Maps	</h2>
	<a class="button button-secondary tec-tickets__tab-heading__button"
	   type="button"
	   href="?page=tec-tickets-seating&#038;tab=map-edit">
		Add New	</a>
	<div class="tec-tickets__tab-heading__description">
		<p>
			Build different seat layouts on top of your configurations to create different sections and pricing tiers for use with tickets. <a href="https://evnt.is" target="_blank">Learn more</a>		</p>
	</div>
</div>
<div class="tec-tickets__tab-content__wrapper">
			<p>No seating maps to show.</p>
	</div>

</div>

<div class="wrap">
	<h1>
		Seat Layouts	</h1>

			<h2 id="tribe-settings-tabs" class="nav-tab-wrapper">

							<a
					id="maps"
					class="nav-tab nav-tab-active"
					href="http://wordpress.test/wp-admin/admin.php?page=tec-tickets-seating&#038;tab=maps"
				>
					Controller Maps				</a>
							<a
					id="layouts"
					class="nav-tab "
					href="http://wordpress.test/wp-admin/admin.php?page=tec-tickets-seating&#038;tab=layouts"
				>
					Seat Layouts				</a>
					</h2>
	
	
<div class="tec-tickets__tab-heading__wrapper"><h2
		class="tec-tickets__tab-heading">
		Controller Maps	</h2>
	<a class="button button-secondary tec-tickets__tab-heading__button"
	   type="button"
	   href="?page=tec-tickets-seating&#038;tab=map-edit">
		Add New	</a>
	<div class="tec-tickets__tab-heading__description">
		<p>
			Build different seat layouts on top of your configurations to create different sections and pricing tiers for use with tickets. <a href="https://evnt.is" target="_blank">Learn more</a>		</p>
	</div>
</div>
<div class="tec-tickets__tab-content__wrapper">
			<p>No seating maps to show.</p>
	</div>

</div>
