{
    "isUsingAssignedSeating": true,
    "layouts": [
        {
            "id": "layout-1",
            "name": "Test layout 1",
            "seats": "1"
        },
        {
            "id": "layout-2",
            "name": "Test layout 2",
            "seats": "2"
        },
        {
            "id": "layout-3",
            "name": "Test layout 3",
            "seats": "3"
        }
    ],
    "seatTypes": [],
    "currentLayoutId": "layout-1",
    "seatTypesByPostId": {
        "5107": "uuid-normal",
        "5108": "uuid-forward-block",
        "5109": "uuid-vip"
    },
    "isLayoutLocked": true
}