
<div class="tribe-common event-tickets tribe-tickets__tickets-wrapper">
	<div class="tribe-tickets__tickets-form tec-tickets-sld__tickets-block">
		<h2 class="tribe-common-h4 tribe-common-h--alt tribe-tickets__tickets-title">
			Tickets		</h2>
		<div class="tec-tickets-seating__tickets-block__information">
			<span>&#x24;10.00 - &#x24;50.00</span>
			<span class="tec-tickets-seating__tickets-block__inventory">
				100 available			</span>
		</div>
		<div class="tec-tickets-seating__tickets-block__action">
			<button
	class="tribe-common-c-btn tribe-common-c-btn--small"
		data-content="dialog-content-tec-tickets-seating__tickets-block__action--submit"
	data-js="trigger-dialog-tec-tickets-seating__tickets-block__action--submit"
					>Find Seats</button>
<script data-js="dialog-content-tec-tickets-seating__tickets-block__action--submit" type="text/template">
		<div  class="tribe-dialog__content tribe-modal__content" >
		
<div
	class="tec-tickets-seating__iframe-container"
	data-token="test-ephemeral-token"
	data-error=""
>
	<iframe
		data-src="https://service.test.local/embed/purchasing?token=test-ephemeral-token&#038;eventId=test-post-uuid&#038;timeout=900"
		id="tec-tickets-seating-iframe-tickets-block"
		class="tec-tickets-seating__iframe tec-tickets-seating__iframe--tickets-block"
		title="Seat selection"
	>
	</iframe>
</div>
	</div>
</script>

		<script>
			var tribe = tribe || {};
			tribe.dialogs = tribe.dialogs || [];
			tribe.dialogs.dialogs = tribe.dialogs.dialogs || [];

			tribe.dialogs.dialogs.push( {"appendTarget":".tec-tickets-seating__tickets-block__information","bodyLock":"1","closeButtonAriaLabel":"Close this modal window","closeButtonClasses":"tribe-dialog__close-button tribe-modal__close-button","closeEvent":"tribe_dialog_close_modal","contentClasses":"tribe-dialog__wrapper tribe-modal__wrapper","effect":"fade","effectEasing":"ease-in-out","effectSpeed":"300","id":"tec-tickets-seating__tickets-block__action--submit","overlayClasses":"tribe-dialog__overlay tribe-modal__overlay","overlayClickCloses":"1","showEvent":"tribe_dialog_show_modal","template":"modal","wrapperClasses":"tribe-dialog","trigger":"[data-js='trigger-dialog-tec-tickets-seating__tickets-block__action--submit' ]"} );

					</script>
				</div>
	</div>
</div>