<div class="tribe-link-view-attendee">
	You have 2 Passes for this Series.	<a href="http://wordpress.test/tickets/{{ post_id }}">View Passes</a>
</div>
