<div class="tribe-link-view-attendee">
	You have 2 Tickets for this Event.	<a href="http://wordpress.test/?tribe_events=test-event-with-a-series-pass-and-single-ticket-orders/tickets">View Tickets</a>
</div>
