<div class="tribe-link-view-attendee">
	You have 1 Pass for this Series.	<a href="http://wordpress.test/tickets/{{ post_id }}">View Pass</a>
</div>
