<div class="tribe-link-view-attendee">
	You have 1 Ticket for this Series.	<a href="http://wordpress.test/tickets/{{ post_id }}">View passes</a>
</div>
