<div class="tribe-link-view-attendee">
	You have 2 Tickets for this Series.	<a href="http://wordpress.test/tickets/{{ post_id }}">View Tickets</a>
</div>
