<input type="hidden" id="_wpnonce" name="_wpnonce" value="1234567890" /><input type="hidden" name="_wp_http_referer" value="" />	<div class="tablenav top">

		<div class='tablenav-pages no-pages'><span class="displaying-num">0 items</span>
<span class='pagination-links'><span class="tablenav-pages-navspan button disabled" aria-hidden="true">&laquo;</span>
<span class="tablenav-pages-navspan button disabled" aria-hidden="true">&lsaquo;</span>
<span class="paging-input"><label for="current-page-selector" class="screen-reader-text">Current Page</label><input class='current-page' id='current-page-selector' type='text' name='paged' value='1' size='1' aria-describedby='table-paging' /><span class='tablenav-paging-text'> of <span class='total-pages'>0</span></span></span>
<a class='next-page button' href='http://wordpress.test?paged=0'><span class='screen-reader-text'>Next page</span><span aria-hidden='true'>&rsaquo;</span></a>
<a class='last-page button' href='http://wordpress.test?paged=0'><span class='screen-reader-text'>Last page</span><span aria-hidden='true'>&raquo;</span></a></span></div>
		<br class="clear" />
	</div>
		<table class="wp-list-table widefat striped attendees tribe-attendees tec-tickets__admin-table-attendees">
	<thead>
	<tr>
		<td  id='cb' class='manage-column column-cb check-column'><label class="screen-reader-text" for="cb-select-all-1">Select All</label><input id="cb-select-all-1" type="checkbox" /></td><th scope="col" id='ticket' class='manage-column column-ticket column-primary sortable desc'><a href="http://wordpress.test?orderby=id&#038;order=asc"><span>Ticket</span><span class="sorting-indicator"></span></a></th><th scope="col" id='primary_info' class='manage-column column-primary_info'>Primary Information</th><th scope="col" id='security' class='manage-column column-security sortable desc'><a href="http://wordpress.test?orderby=security_code&#038;order=asc"><span>Security Code</span><span class="sorting-indicator"></span></a></th><th scope="col" id='status' class='manage-column column-status'>Status</th><th scope="col" id='check_in' class='manage-column column-check_in sortable desc'><a href="http://wordpress.test?orderby=check_in&#038;order=asc"><span>Check in</span><span class="sorting-indicator"></span></a></th>	</tr>
	</thead>

	<tbody id="the-list"
		 data-wp-lists='list:attendee'		>
		<tr class="no-items"><td class="colspanchange" colspan="6">No matching attendees found.</td></tr>	</tbody>

	<tfoot>
	<tr>
		<td   class='manage-column column-cb check-column'><label class="screen-reader-text" for="cb-select-all-2">Select All</label><input id="cb-select-all-2" type="checkbox" /></td><th scope="col"  class='manage-column column-ticket column-primary sortable desc'><a href="http://wordpress.test?orderby=id&#038;order=asc"><span>Ticket</span><span class="sorting-indicator"></span></a></th><th scope="col"  class='manage-column column-primary_info'>Primary Information</th><th scope="col"  class='manage-column column-security sortable desc'><a href="http://wordpress.test?orderby=security_code&#038;order=asc"><span>Security Code</span><span class="sorting-indicator"></span></a></th><th scope="col"  class='manage-column column-status'>Status</th><th scope="col"  class='manage-column column-check_in sortable desc'><a href="http://wordpress.test?orderby=check_in&#038;order=asc"><span>Check in</span><span class="sorting-indicator"></span></a></th>	</tr>
	</tfoot>

</table>
			<div class="tablenav bottom">

		<div class='tablenav-pages no-pages'><span class="displaying-num">0 items</span>
<span class='pagination-links'><span class="tablenav-pages-navspan button disabled" aria-hidden="true">&laquo;</span>
<span class="tablenav-pages-navspan button disabled" aria-hidden="true">&lsaquo;</span>
<span class="screen-reader-text">Current Page</span><span id="table-paging" class="paging-input"><span class="tablenav-paging-text">1 of <span class='total-pages'>0</span></span></span>
<a class='next-page button' href='http://wordpress.test?paged=0'><span class='screen-reader-text'>Next page</span><span aria-hidden='true'>&rsaquo;</span></a>
<a class='last-page button' href='http://wordpress.test?paged=0'><span class='screen-reader-text'>Last page</span><span aria-hidden='true'>&raquo;</span></a></span></div>
		<br class="clear" />
	</div>
		