
<div class="tribe-link-view-attendee">
	You have 3 RSVPs for this Post.	<a href="http://wordpress.test/tickets/5130">View your RSVPs</a>
</div>
