
<div class="tribe-link-view-attendee">
	You have 3 RSVPs and 5 Tickets for this Post.	<a href="http://wordpress.test/tickets/5146">View your RSVPs and Tickets</a>
</div>
