
<div class="tribe-link-view-attendee">
	You have 1 RSVP and 2 Tickets for this Post.	<a href="http://wordpress.test/tickets/{{ post_id }}">View your RSVP and Tickets</a>
</div>
