
<div class="tribe-link-view-attendee">
	You have 1 RSVP and 2 Tickets for this Event.	<a href="http://wordpress.test/?tribe_events=test-event/tickets">
		View your RSVP and Tickets	</a>
</div>
