
<div class="tribe-link-view-attendee">
	You have 1 RSVP for this Post.	<a href="http://wordpress.test/tickets/5127">View your RSVP</a>
</div>
