
<div class="tribe-link-view-attendee">
	You have 1 RSVP and 1 Ticket for this Post.	<a href="http://wordpress.test/tickets/5141">View your RSVP and Ticket</a>
</div>
