
<div class="tec-tickets__tab-heading__wrapper"><h2
		class="tec-tickets__tab-heading">
		Seating Maps	</h2>
	<a class="button button-secondary tec-tickets__tab-heading__button"
		type="button"
		href="?page=tec-tickets-seating&#038;tab=map-edit">
		Add New	</a>
	<div class="tec-tickets__tab-heading__description">
		<p>
			Create a seating map that represents your room or venue.  Configurations are used to create layouts that allow purchasers choose specific seats and ticketing tiers. <a href="https://evnt.is" target="_blank">Learn more</a>		</p>
	</div>
</div>
<div class="tec-tickets__tab-content__wrapper">
	<div class="tec-tickets__tab-content__cards">
<div class="tec-tickets__tab__cards__item">
	<div class="tec-tickets__tab__cards__item-thumbnail">
		<img src="https://example.com/map-1-thumbnail"
			alt="Map 1">
	</div>
	<div class="tec-tickets__tab__cards__item-content">
		<div class="tec-tickets__tab__cards__item-title">Map 1</div>
		<div class="tec-tickets__tab__cards__item-capacity">
			10 seats		</div>
		<div class="tec-tickets__tab__cards__item-actions">
			<a class="button button-secondary add-map" href="#">
				Create Layout			</a>
			<a class="button button-secondary edit-map" href="#">
				Edit			</a>
			<a class="delete-map" href="#">
				Delete			</a>
		</div>
	</div>
</div>
<div class="tec-tickets__tab__cards__item">
	<div class="tec-tickets__tab__cards__item-thumbnail">
		<img src="https://example.com/map-2-thumbnail"
			alt="Map 2">
	</div>
	<div class="tec-tickets__tab__cards__item-content">
		<div class="tec-tickets__tab__cards__item-title">Map 2</div>
		<div class="tec-tickets__tab__cards__item-capacity">
			20 seats		</div>
		<div class="tec-tickets__tab__cards__item-actions">
			<a class="button button-secondary add-map" href="#">
				Create Layout			</a>
			<a class="button button-secondary edit-map" href="#">
				Edit			</a>
			<a class="delete-map" href="#">
				Delete			</a>
		</div>
	</div>
</div>
<div class="tec-tickets__tab__cards__item">
	<div class="tec-tickets__tab__cards__item-thumbnail">
		<img src="https://example.com/map-3-thumbnail"
			alt="Map 3">
	</div>
	<div class="tec-tickets__tab__cards__item-content">
		<div class="tec-tickets__tab__cards__item-title">Map 3</div>
		<div class="tec-tickets__tab__cards__item-capacity">
			100 seats		</div>
		<div class="tec-tickets__tab__cards__item-actions">
			<a class="button button-secondary add-map" href="#">
				Create Layout			</a>
			<a class="button button-secondary edit-map" href="#">
				Edit			</a>
			<a class="delete-map" href="#">
				Delete			</a>
		</div>
	</div>
</div>
</div></div>
