
<div class="wrap">
	<h1>
		Seat Layouts	</h1>

			<h2 id="tribe-settings-tabs" class="nav-tab-wrapper">

							<a
					id="maps"
					class="nav-tab "
					href="http://wordpress.test/wp-admin/admin.php?page=tec-events-assigned-seating&#038;tab=maps"
				>
					Seating Maps				</a>
							<a
					id="layouts"
					class="nav-tab nav-tab-active"
					href="http://wordpress.test/wp-admin/admin.php?page=tec-events-assigned-seating&#038;tab=layouts"
				>
					Seat Layouts				</a>
					</h2>
	
	
<div class="tec-tickets__tab-heading__wrapper"><h2
		class="tec-tickets__tab-heading">
		Seat Layouts	</h2>

	<div class="tec-events-assigned-seating-modal-wrapper tribe-common tec-tickets__tab-heading__button">
		<div class="tec-events-assigned-seating-layouts-modal__anchor"></div>
		<button
	class="button-secondary tec-events-assigned-seating-modal__button"
		data-content="dialog-content-tec-events-assigned-seating-layouts-modal"
	data-js="trigger-dialog-tec-events-assigned-seating-layouts-modal"
					>Add New</button>
<script data-js="dialog-content-tec-events-assigned-seating-layouts-modal" type="text/template">
		<div  class="tribe-dialog__content tribe-modal__content" >
		<p>test</p>	</div>
</script>

		<script>
			var tribe = tribe || {};
			tribe.dialogs = tribe.dialogs || [];
			tribe.dialogs.dialogs = tribe.dialogs.dialogs || [];

			tribe.dialogs.dialogs.push( {"appendTarget":".tec-events-assigned-seating-layouts-modal__anchor","bodyLock":"1","closeButtonAriaLabel":"Close this modal window","closeButtonClasses":"tribe-dialog__close-button tribe-modal__close-button","closeEvent":"tribe_dialog_close_modal","contentClasses":"tribe-dialog__wrapper tribe-modal__wrapper","effect":"fade","effectEasing":"ease-in-out","effectSpeed":"300","id":"tec-events-assigned-seating-layouts-modal","overlayClasses":"tribe-dialog__overlay tribe-modal__overlay","overlayClickCloses":"1","showEvent":"tribe_dialog_show_modal","template":"modal","wrapperClasses":"tribe-dialog","trigger":"[data-js='trigger-dialog-tec-events-assigned-seating-layouts-modal' ]"} );

					</script>
			</div>

	<div class="tec-tickets__tab-heading__description">
		<p>
			Create a seating configuration that represents your room or venue. Configurations are used to create layouts that allow purchasers choose specific seats and ticketing tiers. <a href="https://evnt.is" target="_blank">Learn more</a>		</p>
	</div>
</div>
<div class="tec-tickets__tab-content__wrapper">
			<p>No seat layouts to show.</p>
	</div>
</div>
