
<div class="tec-tickets__admin-settings-tickets-commerce-paypal-connected">

	<div class="tec-tickets__admin-settings-tickets-commerce-paypal-connected-row">
	<div class="tec-tickets__admin-settings-tickets-commerce-paypal-connected-col1">
		PayPal Status:	</div>
	<div class="tec-tickets__admin-settings-tickets-commerce-paypal-connected-col2">
		<span class="tec-tickets__admin-settings-tickets-commerce-paypal-connect-text--connected">
			Connected <span class="dashicons dashicons-saved"></span>
		</span>

					<ul>
							</ul>
			</div>

</div>

	<div class="tec-tickets__admin-settings-tickets-commerce-paypal-connected-row">
	<div class="tec-tickets__admin-settings-tickets-commerce-paypal-connected-col1">
		Connected as:	</div>
	<div class="tec-tickets__admin-settings-tickets-commerce-paypal-connected-col2">
		<span class="tec-tickets__admin-settings-tickets-commerce-paypal-connected-text-name">
					</span>
		<a
			href="http://test.tri.be/wp-admin/edit.php?page=tribe-common&#038;tab=payments&#038;tc-action=paypal-disconnect&#038;post_type=tribe_events"
			class="tec-tickets__admin-settings-tickets-commerce-paypal-connected-text-disconnect-link"
		>
			Disconnect		</a>
	</div>
</div>

	<div class="tec-tickets__admin-settings-tickets-commerce-paypal-connected-row">
	<div class="tec-tickets__admin-settings-tickets-commerce-paypal-connected-col1">
		Webhooks:	</div>
	<div class="tec-tickets__admin-settings-tickets-commerce-paypal-connected-col2">
					<div  class="tec-tickets__admin-settings-tickets-commerce-paypal-connected-webhook" >
				<span class="tec-tickets__admin-settings-tickets-commerce-paypal-connected-webhook-name">
					Completed payments				</span>
				<span class="tec-tickets__admin-settings-tickets-commerce-paypal-connected-webhook-error">
					payment connection error				</span>
			</div>
					<div  class="tec-tickets__admin-settings-tickets-commerce-paypal-connected-webhook" >
				<span class="tec-tickets__admin-settings-tickets-commerce-paypal-connected-webhook-name">
					Denied payments				</span>
				<span class="tec-tickets__admin-settings-tickets-commerce-paypal-connected-webhook-error">
					payment connection error				</span>
			</div>
					<div  class="tec-tickets__admin-settings-tickets-commerce-paypal-connected-webhook" >
				<span class="tec-tickets__admin-settings-tickets-commerce-paypal-connected-webhook-name">
					Refunds				</span>
				<span class="tec-tickets__admin-settings-tickets-commerce-paypal-connected-webhook-error">
					payment connection error				</span>
			</div>
					<div  class="tec-tickets__admin-settings-tickets-commerce-paypal-connected-webhook" >
				<span class="tec-tickets__admin-settings-tickets-commerce-paypal-connected-webhook-name">
					Reversed				</span>
				<span class="tec-tickets__admin-settings-tickets-commerce-paypal-connected-webhook-error">
					payment connection error				</span>
			</div>
			</div>
</div>

	
<div class="tec-tickets__admin-settings-tickets-commerce-paypal-connected-actions">
	
<a
	href="http://test.tri.be/wp-admin/edit.php?page=tribe-common&#038;tab=payments&#038;tc-action=paypal-resync-connection&#038;post_type=tribe_events"
	class="tec-tickets__admin-settings-tickets-commerce-paypal-connected-resync-button"
>
	<svg  class="tribe-common-c-svgicon tribe-common-c-svgicon--reset tec-tickets__admin-settings-tickets-commerce-paypal-connected-resync-button-icon"  viewBox="0 0 14 14" xmlns="http://www.w3.org/2000/svg"><path d="M12.268 7.5a5.633 5.633 0 11-.886-3.033M11.4 1v3.467H7.934" stroke-width="1.5" stroke-linecap="round" stroke-linejoin="round"/></svg>
	Resync payment connection</a>

	<div class="tec-tickets__admin-settings-tickets-commerce-paypal-connected-actions-debug">
		
<a href="http://test.tri.be/wp-admin/edit.php?page=tribe-common&#038;tab=payments&#038;tc-action=paypal-refresh-access-token&#038;post_type=tribe_events">Refresh Access Token</a>

		
<a href="http://test.tri.be/wp-admin/edit.php?page=tribe-common&#038;tab=payments&#038;tc-action=paypal-refresh-user-info&#038;post_type=tribe_events">Refresh User Info</a>

		
<a href="http://test.tri.be/wp-admin/edit.php?page=tribe-common&#038;tab=payments&#038;tc-action=paypal-refresh-webhook&#038;post_type=tribe_events">Refresh Webhook</a>
	</div>
</div>

	
</div>
