
<div id="ticket_type_options" class="input_block">
	<label class="ticket_form_label ticket_form_left" id="ticket_type_label" for="ticket_type">
		Type:	</label>
	<input
			type='hidden'
			id='ticket_type'
			name='ticket_type'
			value="series_pass"
	/>
	<div class="ticket_form_right"
		 style="display: flex; align-items: center">
		<img
				class="tribe-tickets-svgicon tec-tickets-icon tec-tickets-icon__ticket-type"
				src="http://wordpress.test/wp-content/plugins/event-tickets/src/resources/icons/series-pass.svg"
				alt="Series Pass"
		/>
		<span class="ticket-type__text">
		Series Pass		</span>
		<span class="dashicons dashicons-editor-help ticket-type__help-icon"
			  title="A Series Pass provides an attendee with access to all events in a Series.">
		</span>
	</div>
</div>
