
<button
		id="series_pass_form_toggle"
		class="button-secondary ticket_form_toggle tribe-button-icon tribe-button-icon-plus"
		aria-label="Add a new Series Pass"
 disabled='disabled'>
New series pass</button>
