{
    "ticket_name_label_series_pass": "Name:",
    "ticket_name_note_series_pass": "The ticket name is displayed on the frontend of your website and within ticket emails."
}